=== ⭐ בקרות חיוביות · לפני כל מדידה ===
  ✓ ויקינתונים  L205350 → אקרן / אֶקְרָן
  ✓ ספריא       Psalms 138:6 → מכיל «שפל» · רישיון: Public Domain
  ✓ ויקיטקסט    בחורף/א → מכיל «נסיכים» (10590 תווים)

=== דגימה · 299 שורות ===

  1  אִלוּלֵא                ✓  גרסה «Piotrków, 1898-1900» · רישיון Public Domain  ⚠ בטבלה רשום «1536»
  2  אֲלוּמָּת אוֹר          ✓  אלומת=✓אלומה · אור=✓אור
  3  אֶקְרָן                 ✓  אקרן / אֶקְרָן
  4  בִּיּוּת                ✓  ביות / בִּיּוּת
  5  גְּזִיר                 ✓  גזיר
  6  דָּגָה                  ✓  דגה / דָּגָה
  7  דִּידַקְטִי             ✓  דידקטי / דִּידַקְטִי
  8  הִטְמִיעַ               ✓  הטמיע / הִטְמִיעַ
  9  הִסְלִים                ✓  הסלים / הִסְלִים
 10  הִתְכַּתֵּשׁ            ✓  התכתש / הִתְכַּתֵּשׁ
 11  הִתְנַבֵּא              ✓  התנבא / הִתְנַבֵּא
 12  יְקִיצָה                ✓  יקיצה / יְקִיצָה
 13  כְּסָיָה                ✓  כסיה
 14  לֵאוּת                  ✓  לאות
 15  לַהֲגָן                 ✓  גרסה «Piotrków, 1898-1900» · רישיון Public Domain
 16  מִצְנֶפֶת               ✓  מצנפת
 17  מְתַאֲבֵן               ✓  מתאבן
 18  נָהִיר                  ✓  נהיר / נָהִיר
 19  נִיחָא                  ✓  ניחא
 20  נִכּוּשׁ                ✓  ניכוש / נִכּוּשׁ
 21  נִפְעָם                 ✓  נפעם
 22  פָּלָה                  ✓  פלה / פָּלָה
 23  קְרִיסָה                ✓  קריסה / קְרִיסָה
 24  קְרִישָׁה               ✓  קרישה
 25  הִתְיַלֵּד              ✓  התיילד / הִתְיַלֵּד
 26  עִרְטֵל                 ✓  ערטל / עִרְטֵל
 27  מִקְטוֹרֶן              ✓  מקטורן
 28  מְזֻכָּךְ               ✓  גרסה «Jerusalem, 1956-1966» · רישיון Public Domain
 29  מֵרֵט אֶת עֲצַבָּיו     ✓  מרט=✓מרט · עצביו=✓עצב
 30  אַשְׁפָּה               ✓  אשפה / אַשְׁפָּה
 31  בַּר-מִינָן             ✓  גרסה «Shenei Luchot HaBrit, based on Amsterdam, 1698 ed. Part III» · ר
 32  בָּרַר                  ✓  ברר
 33  גַּפַּיִם               ✓  גרסה «Midrash Rabbah, Vilna, 1878» · רישיון Public Domain
 34  הִדִּיר שֵׁינָה מֵעֵינָיו✓  הדיר=✓הדיר · שינה=✓שינה · מעיניו=✓Public Domain
 35  הִזְדַּכְּכוּת          ✓  הזדככות
 36  הִתְמַקֵּחַ             ✓  התמקח / הִתְמַקֵּחַ
 37  הִתְקַהֵל               ✓  התקהל / הִתְקַהֵל
 38  חַמְשִׁיר               ✓  חמשיר
 39  יֵשׁ בְּלִבּוֹ עָלָיו   ✓  גרסה «Biur Halacha» · רישיון Public Domain
 40  מִרְקָם                 ✓  מרקם / מִרְקָם
 41  נֵתַח                   ✓  נתח / נֵתַח
 42  סָכַר אֶת פִּיו         ✓  גרסה «OYW» · רישיון Public Domain
 43  עָסִיסִי                ✓  עסיסי / עֲסִיסִי
 44  פָּדָה                  ✓  פדה / פָּדָה
 45  פּוּמִית                ✓  פומית
 46  קוּבְלָנָה              ✓  קובלנה
 47  שִׁיסּוּי               ✓  שיסוי
 48  תְּלוּלִית              ✓  תלולית
 49  אוּמְדָן                ✓  אומדן / אוּמְדָּן
 50  אָחוּז אֵימָה           ✓  יוליוס קיסר (ביאליק)/מערכה ראשונה/מחזה שני · 8928 תווים
 51  אָפַס                   ✓  אפס
 52  בֵּית מֶרְחָץ           ✓  בית מרחץ / בֵּית מֶרְחָץ
 53  בְּרִיּוֹת              ✓  גרסה «Vilna Edition» · רישיון Public Domain
 54  הִלְאִים                ✓  הלאים
 55  הֵפֵר                   ✓  הפר / הֵפֵר
 56  הִשִּׂיא עֵצָה          ✓  גרסה «Midrash Rabbah, Vilna, 1878» · רישיון Public Domain
 57  הִשְׁתַּעְבֵּד          ✓  השתעבד / הִשְׁתַּעְבֵּד
 58  הִתְאַבֵּק בַּעֲפַר רַגְלָיו✓  גרסה «Midrash Rabbah, Vilna, 1878» · רישיון Public Domain
 59  הִתְלַקֵּחַ             ✓  התלקח / הִתְלַקֵּחַ
 60  הִתְרַבְרֵב             ✓  התרברב / הִתְרַבְרֵב
 61  זִכּוּך                 ✓  זיכוך / זִכּוּךְ
 62  חֲפִיר                  ✓  חפיר / חֲפִיר
 63  טֶרָסָה                 ✓  טרסה / טֵרָסָה
 64  יְלוּדָה                ✓  אין פשרות רק תורה/דברים · 22025 תווים
 65  כָּלִיל                 ✓  כליל / כָּלִיל
 66  מַגְבִּית               ✓  מגבית / מַגְבִּית
 67  מֵחוּשִׁים              ✓  גרסה «Chovat Halevavot, Warsaw 1875» · רישיון Public Domain
 68  עַל רֶגֶל אַחַת         ✓  גרסה «Derashot El Ami, Jerusalem 1936» · רישיון Public Domain
 69  פּוֹרֶה                 ✓  פורה / פּוֹרֶה
 70  פְּתַלְתְּל             ✓  פתלתל / פְּתַלְתַּל
 71  קִידָּה                 ✓  קידה / קִדָּה
 72  קְלִישָאַה / קְלִישָה   ✓  קלישאה / קְלִישָׁאָה
 73  קָמִין                  ✓  קמין / קָמִין
 74  קְשֵׁה לֵב              ✓  גרסה «Vilna Edition» · רישיון Public Domain
 75  שַׁבְרִיר               ✓  שבריר
 76  שִׁכְתּוּב              ✓  שכתוב
 77  שָׁלַח יָד בְּנַפְשׁוֹ  ✓  גרסה «The Jewish Wars, trans. Y.N. Simhoni, Warsaw, 1923» · רישיון Pub
 78  שָׁפָל                  ✓  גרסה «Tanach with Nikkud» · רישיון Public Domain
 79  תַּסְמִין               ✓  תסמין / תַּסְמִין
 80  אִיכּוּל                ✓  איכול
 81  אֵימְתָנִי              ✓  אימתני
 82  גֵּאוּת                 ✓  גאות / גֵּאוּת
 83  הוּעַם                  ✓  הועם / הוּעַם
 84  הֲלָצָה                 ✓  הלצה
 85  הִתְוַדֵּעַ             ✓  התוודע / הִתְוַדֵּעַ
 86  זָעוּם                  ✓  זעום / זָעוּם
 87  חַלּוּק נַחַל           ✓  חלוק=✓חלוק · נחל=✓נחל
 88  חֲתִימַת שָׂפָם         ✓  פרוזה (ביאליק)/ספיח · 98065 תווים
 89  כִּחְכּוּחַ             ✓  כחכוח
 90  כִּיסוּפִים             ✓  כיסופים / כִּסּוּפִים
 91  מְאוּבָּן               ✓  גרסה «Pressburg, 1855-1864» · רישיון Public Domain
 92  מַחְצָב                 ✓  מחצב / מַחְצָב
 93  מַחְצָבָה               ✓  מחצבה / מַחְצָבָה
 94  מְטִיל                  ✓  מטיל
 95  מַטָף                   ✓  גרסה «Vilna Edition» · רישיון Public Domain
 96  מִיכֵּן                 ✓  מיכן / מִכֵּן
 97  מְכוּנָף                ✓  מכונף / מְכֻנָּף
 98  מַכּוֹת נֶאֱמָנוֹת / נִמְרָצוֹת✓  נמרצות
 99  מָשַׁח                  ✓  משח / מָשַׁח
100  נִיחוֹח                 ✓  ניחוח / נִיחוֹחַ
101  נִשְׂגָב מִבִּינָתוֹ    ✓  נשגב=✓נשגב · מבינתו=✓Public Domain
102  סָבַב אוֹתוֹ בְּכַחַשׁ  ✓  גרסה «The Jewish Wars, trans. Y.N. Simhoni, Warsaw, 1923» · רישיון Pub
103  סִיכָה                  ✓  סיכה / סִכָּה
104  עִמְעוּם                ✓  עמעום
105  פִּדְיוֹן               ✓  פדיון / פִּדְיוֹן
106  פִּכְפּוּך              ✓  פכפוך / פִּכְפּוּךְ
107  פְּתִית                 ✓  פתית / פְּתִית
108  צִיטָטָה                ✓  ציטטה
109  קְלִיָּה                ✓  קלייה / קְלִיָּה
110  שְׂדֵרָה                ✓  שדרה / שְׂדֵרָה
111  שָׁפַךְ לִבּוֹ          ✓  גרסה «OYW» · רישיון Public Domain
112  תֵּל                    ✓  תל / תֵּל
113  תַּסְכִּית              ✓  תסכית / תַּסְכִּית
114  תְּשׁוּקָה              ✓  תשוקה / תְּשׁוּקָה
115  אוּרְבָּנִי             ✓  אורבני / אוּרְבָּנִי
116  אַיֵּה?                 ✓  גרסה «Derashot El Ami, Jerusalem 1936» · רישיון Public Domain
117  אֲלוּנְטִית             ✓  אֲלוּנְטִית / אלונטית
118  אִלְפָּס                ✓  אלפס / אִלְפָּס
119  בֶּדֶק בַּיִת           ⛔ הגרסה שרשומה היא **en** · «The Pentateuch, rendered into English by Isaac Levy. Gateshead; Judaica Press, 1989»
120  בָּזִיךְ                ✓  בזיך / בָּזִיךְ
121  בִּזֵּר                 ✓  ביזר / בִּזֵּר
122  בָּחַשׁ בַּקַּלַּחַת    ✓  בחש=✓בחש · בקלחת=✓Public Domain
123  בֵּית גְּנָזִים         ✓  גרסה «A dictionary of the Talmud, London, 1927» · רישיון Public Domain
124  בֵּית עֲבוֹט            ✓  בית עבוט
125  בֶּן-דְּמוּתוֹ          ✓  האינקוויזיטור הגדול · 22501 תווים
126  גֶזֶם                   ✓  גזם / גָּזַם
127  גֶּפֶת                  ✓  גפת / גֶּפֶת
128  דִּנְדֵּן               ✓  גרסה «Maginei Eretz: Shulchan Aruch Orach Chaim, Lemberg, 1893, Vol 1»
129  הֶאֱבִיס                ✓  האביס / הֶאֱבִיס
130  הֶאֱנִישׁ               ✓  האניש / הֶאֱנִישׁ
131  הֲלָנַת שָׂכָר          ✓  הלנת שכר / הֲלָנַת שָׂכָר
132  הִפְרִיט                ✓  הפריט / הִפְרִיט
133  הַרְרֵי זָהָב           ✓  תולדות ההתישבות בעולם/ההתישבות בראשית ימי הרכושנות/ח · 3701 תווים
134  הִתַּמֵּם               ✓  היתמם / הִתַּמֵּם
135  חָלַט                   ✓  חלט / חָלַט
136  חֲלִיפַת מִכְתָּבִים    ✓  יומן ירושלים (ארלוזורוב)/על ה"אוטומנציפציה" לפינסקר · 7349 תווים
137  חֲנִיטָה                ✓  חניטה
138  חֻרְשָף                 ✓  חרשף / חֻרְשָׁף
139  טְפָחוֹת                ✓  גרסה «On Your Way» · רישיון Public Domain
140  טְרוּט עֵינַיִם         ⛔ ביקשתי «טרוט עינים» · נמצא: טרוט=✓טרוט · עינים=⛔עין
141  כּוֹתֶרֶת               ✓  כותרת
142  לְעֵילָא וּלְעֵילָא     ✓  גרסה «Vilna 1882» · רישיון PD
143  מוֹנוֹגַמְיָה           ✓  מונוגמיה / מוֹנוֹגַמְיָה
144  מוֹנוֹתֵאִיזְם          ✓  מונותאיזם / מוֹנוֹתֵאִיזְם
145  מַזְלֵף                 ✓  מזלף / מַזְלֵף
146  מְסוּפָּק               ✓  גרסה «Torat Emet 357» · רישיון Public Domain
147  מַקְצוּעָה              ✓  מקצועה / מַקְצוּעָה
148  מַרְחֶשֶׁת              ✓  מרחשת / מַרְחֶשֶׁת
149  צִיקְלוֹן               ✓  ציקלון
150  קֻבַּעַת                ✓  קבעת / קֻבַּעַת
151  קוֹקֵטִי                ✓  קוקטי / קוֹקֶטִי
152  קוֹרֶקְטִי              ✓  קורקטי / קוֹרֶקְטִי
153  קִלְטֵר                 ✓  קלטר / קִלְטֵר
154  קֶרֶת                   ✓  קרת / קֶרֶת
155  רוֹדֵף שְׂרָרָה         ✓  גרסה «Responsa Maharik, Warsaw 1884» · רישיון Public Domain
156  שָׁקַט עַל שְׁמָרָיו    ✓  גרסה «Padova, 1867» · רישיון Public Domain
157  אוֹפּוֹרְטוּנִיזְם      ✓  אופורטוניזם / אוֹפּוֹרְטוּנִיזְם
158  אֵימָתַי                ✓  גרסה «Torat Emet 357» · רישיון Public Domain
159  אִלְחוּשׁ               ✓  אלחוש / אִלְחוּשׁ
160  בַּחֲרוּת               ✓  בחרות / בַּחֲרוּת
161  בֵּית מִטְבָּחַיִם      ✓  בית מטבחיים / בֵּית מִטְבָּחַיִם
162  בֵּית נְתִיבוֹת         ✓  גרסה «On Your Way» · רישיון Public Domain
163  בֶּן-לְוָיָה            ✓  גרסה «Vilna Edition» · רישיון Public Domain
164  בַּעֲלֵי שְׂרָרָה       ✓  גרסה «Vilna Edition» · רישיון Public Domain
165  הֶחְפִּיץ               ⛔ ביקשתי «החפיץ» · נמצא: חפץ חיים · 9147 תווים
166  הִתְפַּקֵּר             ✓  התפקר / הִתְפַּקֵּר
167  זְחִיחוּת דַּעַת        ✓  על גבול הדממה/על הקבוצה · 15643 תווים
168  חִילָּה                 ✓  חילה
169  מָאוֹר                  ✓  מאור / מָאוֹר
170  מַכְלֵב                 ✓  מכלב / מַכְלֵב
171  מִלְּגוֹ / מִלְגַו      ✓  גרסה «Warsaw, 1883» · רישיון Public Domain
172  מִלְּגוֹ וּמִלְבַּר     ✓  גרסה «Torat Emet» · רישיון Public Domain
173  מְסוּקָס                ✓  מסוקס / מְסֻקָּס
174  מִסְרוֹן                ✓  מסרון / מִסְרוֹן
175  נִמְלַךְ בּוֹ           ⛔ ביקשתי «נמלך בו» · נמצא: גרסה «Torat Emet 363» · רישיון unknown
176  עוּר!                   ✓  כסף משנה/הלכות כלים · 72298 תווים
177  עִזָבוֹן                ✓  עזבון=✓Public Domain
178  צִינָּה                 ✓  צינה
179  צִלְצָל                 ✓  צלצל / צִלְצֵל
180  תּוּפִין                ✓  תופין / תּוּפִין
181  אִילוּחַ                ✓  תקנות מחלות בעלי חיים (בתי שחיטה לעופות) · 15562 תווים
182  אֶתְנָן                 ✓  אתנן / אֶתְנַן
183  דְּבוּקָּה              ✓  דבוקה / דְּבֻקָּה
184  הָגִיג                  ✓  הגיג / הֲגִיג
185  הַזָחָה                 ✓  הזחה / הַזָּחָה
186  הֵזִיחַ                 ✓  הזיח / הֵזִיחַ
187  הֶרֶף                   ✓  הרף / הֶרֶף
188  זוֹט                    ✓  זוט / זוֹט
189  חֵבֶל                   ✓  חָבַל
190  חֲטָף                   ✓  חטף / חֲטָף
191  חָרָבָה                 ✓  חרבה / חֻרְבָּה
192  טַבּוּלָה רָאסָה        ⚠ HTTP 404 · https://la.wikisource.org/w/index.php?action=raw&title=Summa%20Theolo
193  מְבוּזָּר               ⚠ ⛔ אין אף גרסה עברית לרפרנס הזה
194  מִזְקָקָה               ✓  מזקקה / מַזְקֵקָה
195  מַחְבּוֹש               ✓  מחבוש / מַחְבּוֹשׁ
196  מְחֻטָּט                ✓  מחוטט / מְחֻטָּט
197  מַעֲרֶה הַיַּעַר        ✓  רוסלאן ולודמילה · 79729 תווים
198  מַק                     ⚠ ⛔ אין אף גרסה עברית לרפרנס הזה
199  מַרְנִין                ✓  גרסה «Ohev Ger, Philoxenus sive de Onkelosi, Vienna, 1830» · רישיון Pu
200  נָאוֹר                  ✓  נאור
201  נוֹאָל                  ✓  נואל / נוֹאָל
202  נְחִירָה                ✓  נחירה
203  נִשְפֶּה                ✓  גרסה «Midrash Rabbah, Vilna, 1878» · רישיון Public Domain
204  סֵיפָא                  ✓  סיפא / סֵיפָא
205  פִּיל לָבָן             ✓  פיל=✓פיל · לבן=✓לבן
206  צְבִיר                  ✓  צביר
207  צַדְקָנוּת              ✓  צדקנות / צַדְקָנוּת
208  צָמִיג                  ✓  צמיג
209  צִקְצוּק                ✓  צקצוק
210  קַפֶּנְדַרְיָא / קַפַּנְדְּרִיָּה✓  קפנדריה / קָפָּנְדָּרִיָה
211  קַרְפִּיף               ✓  קרפיף / קַרְפִּיף
212  רֵישָא                  ✓  רישא=✓Public Domain
213  רִנֵּן                  ✓  רנן
214  שִׁיפּוּי               ✓  שיפוי
215  שָׁנָה                  ✓  שנה / שָׁנָה
216  שַׁעַל                  ✓  שעל / שַׁעַל
217  תּוֹעַמְלָן             ✓  תועמלן / תּוֹעַמְלָן
218  תִּחוּחַ                ✓  תחוח / תָּחוּחַ
219  תְּנוּבָה               ✓  תנובה / תְּנוּבָה
220  תַּשְׁלִיל              ✓  תשליל / תַּשְׁלִיל
221  בְּעוֹד מוֹעֵד          ✓  גרסה «Ketuvim Achronim, Seckel Isaac Frankel. Warsaw, 1885» · רישיון P
222  דוֹמֶן                  ✓  גרסה «On Your Way» · רישיון Public Domain
223  הִבְכִּיר               ✓  הבכיר / הִבְכִּיר
224  הֲוָיָה                 ✓  גרסה «Aderet Eliyahu, Halberstadt, 1860» · רישיון Public Domain
225  זֵד                     ✓  זד / זָד
226  חִדָלוֹן                ⛔ ביקשתי «חדלון» · נמצא: חידלון / חִידָּלוֹן
227  כְּפִיפוּת              ✓  כפיפות
228  לָא מִנֵּיהּ וְלָא מִקְּצָתֵיהּ✓  גרסה «Derashot El Ami, Jerusalem 1936» · רישיון Public Domain
229  לְמַכְבִּיר             ✓  גרסה «On Your Way» · רישיון Public Domain
230  מֻבְלַעַת               ✓  מבלעת / מֻבְלַעַת
231  מְדוּכָה                ✓  מדוכה / מְדוֹכָה
232  מְהַדְּרִין             ✓  גרסה «Maginei Eretz: Shulchan Aruch Orach Chaim, Lemberg, 1893» · רישי
233  מְסוֹבָב                ✓  גרסה «Jerusalem, 1956-1966» · רישיון Public Domain
234  נְסִיקָה                ✓  נסיקה
235  פָּכַר                  ✓  פכר / פָּכַר
236  פְּלוּגְתָּא            ✓  פלוגתא
237  צַרְכָנִיָּה            ✓  צרכניה / צַרְכָנִיָּה
238  שִׁוָּוה                ✓  שווה / שָׁוֶה
239  שַׁוֵּוה בְּנַפְשֵׁך    ✓  שווה=✓שווה · בנפשך=✓Public Domain
240  שַׁחֲרִית               ✓  שחרית / שַׁחֲרִית
241  תַּבְלִיט               ✓  תבליט / תַּבְלִיט
242  תִּינָּה                ✓  תינה / תִּנָּה
243  תַּמְלוּגִים            ✓  תמלוגים / תַּמְלוּגִים
244  אִיֵּשׁ                 ✓  איש / אִישׁ
245  הִכְתִּיר               ✓  הכתיר / הִכְתִּיר
246  הִמְרָה אֶת פִּיו       ✓  גרסה «Midrash Rabbeinu Bachya [ben Asher]. Warsaw, 1878» · רישיון Publ
247  הִסְתּוֹפֵף             ✓  הסתופף / הִסְתּוֹפֵף
248  הִקְצָה                 ✓  הקצה / הֲקָצָה
249  הִרְעִים                ✓  הרעים / הִרְעִים
250  הִתְגַּפֵּף             ✓  התגפף / הִתְגַּפֵּף
251  וַרְיַאצְיָה            ✓  וריאציה / וָרִיאַצְיָה
252  זִכָּיוֹן               ✓  זיכיון / זִכָּיוֹן
253  טְפִיפָה                ✓  טפיפה
254  לָאַט                   ✓  לאט
255  מְלוּבָּן               ✓  גרסה «Hon Ashir, Amsterdam, 1731» · רישיון Public Domain
256  מִשְׁנֶה                ✓  משנה / מִשְׁנֶה
257  סְבָרָה                 ✓  סברה / סְבָרָה
258  סוֹלְלָה                ✓  סוללה / סוֹלְלָה
259  סָלַד                   ✓  סלד / סָלַד
260  צָנוּף                  ✓  צנוף / צָנוּף
261  קְדֵרָה                 ✓  קדרה / קְדֵרָה
262  קָטוּם                  ✓  קטום / קָטוּם
263  שֶׁנֶץ                  ✓  גרסה «Sefer HeArukh, Lublin 1883» · רישיון Public Domain
264  שָׂרָף                  ✓  שרף / שָׂרַף
265  אוֹמְנִיפּוֹטֶנְטִי     ✓  אומניפוטנטי / אוֹמְנִיפּוֹטֶנְטִי
266  אָזַר עֹז / כֹּחַ / אֹמֶץ✓  כוח / כֹּחַ
267  אֲסוּפָה                ✓  אסופה
268  בְּחִישָׁה              ✓  בחישה
269  בִּכּוּרִים             ✓  בכורים / בִּכּוּרִים
270  בִּמְבֵּם               ✓  בחורף/א · 10590 תווים
271  גְּלָלִים               ✓  גרסה «Vilna Edition» · רישיון Public Domain
272  דָּא עָקָא              ✓  גרסה «Antwerp, 1933-1936» · רישיון Public Domain
273  הֶגְמוֹנְיָה            ✓  הגמוניה / הֶגְמוֹנְיָה
274  הִכְפִּיף               ✓  הכפיף / הִכְפִּיף
275  הַלְמוּת                ✓  הלמות / הַלְמוּת
276  הִנְפִּיק               ✓  הנפיק / הִנְפִּיק
277  הִתְבַּדְּרוּת          ✓  התבדרות
278  הִתְלַהֵם               ✓  התלהם / הִתְלַהֵם
279  הִתְנוֹפֵף              ✓  התנופף / הִתְנוֹפֵף
280  זִבְדָה                 ✓  גרסה «Torat Emet 357» · רישיון Public Domain
281  זְמָם                   ✓  זמם / זָמַם
282  חָרוּל                  ✓  חרול / חָרוּל
283  יְהָב                   ✓  יהב / יְהָב
284  כִּמֵּת                 ✓  כמת / כַּמָּת
285  לְמֵישָׁרִין            ✓  חבל נחלתו ז לג · 8800 תווים
286  מִזְכָּר                ✓  מזכר / מִזְכָּר
287  מִסְדָּר                ✓  מסדר
288  נִפְרַע                 ✓  נפרע / נִפְרַע
289  נִצַּחַת                ⚠ ⛔ אין אף גרסה עברית לרפרנס הזה
290  סָר מֵרַע               ✓  גרסה «Chokhmat Shlomo, Warsaw 1885» · רישיון Public Domain
291  פְּעָמָיו               ✓  גרסה «Tanach with Nikkud» · רישיון Public Domain
292  פְּרִישוּת              ✓  פרישות
293  פָּרַף                  ✓  פרף / פָּרַף
294  צֶדַע / צְדָעַיִם / צְדָעוֹת✓  צדע / צֶדַע
295  צְנִיפָה                ✓  גרסה «Ralbag on Torah, Venice, 1547» · רישיון Public Domain
296  קַל תְּפִיסָה           ✓  גרסה «Lemberg, 1865-1890» · רישיון Public Domain
297  רִפְרֵף                 ✓  רפרף / רִפְרֵף
298  שִׁפּוּל                ⛔ ביקשתי «שפול» · נמצא: גרסה «Vilna Edition» · רישיון Public Domain
299  שָׁת                    ✓  שת

================================================================
⭐ תואמות : 289 מתוך 299
⛔ פערים  : 5
⚠ שגיאות רשת/מבנה: 4

--- הפערים, בשם ---
  טְרוּט עֵינַיִם         מעורב  → טרוט=✓טרוט · עינים=⛔עין
  הֶחְפִּיץ               ויקיטקסט  → חפץ חיים · 9147 תווים
  נִמְלַךְ בּוֹ           ספריא  → גרסה «Torat Emet 363» · רישיון unknown
  חִדָלוֹן                ויקינתונים  → חידלון / חִידָּלוֹן
  שִׁפּוּל                ספריא  → גרסה «Vilna Edition» · רישיון Public Domain

--- השגיאות, בשם ---
  טַבּוּלָה רָאסָה        HTTP 404 · https://la.wikisource.org/w/index.php?action=raw&title=Summa%20Theologiae%2C%20Prima%20pa
  מְבוּזָּר               ⛔ אין אף גרסה עברית לרפרנס הזה
  מַק                     ⛔ אין אף גרסה עברית לרפרנס הזה
  נִצַּחַת                ⛔ אין אף גרסה עברית לרפרנס הזה

--- ⛔ חשיפה משפטית · גרסה שאינה עברית ואינה נחלת הכלל ---
  בֶּדֶק בַּיִת           [en]  «The Pentateuch, rendered into English by Isaac Levy. Gateshead; Judaica Press, 1989»
================================================================
